❌ <b>Test:</b> formTest<br/>
&nbsp;&nbsp; <b>URL:</b> N/A  <br/>
&nbsp;&nbsp; <b>Error:</b> You are using a no-op implementation of the CDP. The most likely reason for this is that Selenium was unable to find an implementation of the CDP protocol that matches your browser. Please be sure to include an implementation on the classpath, possibly by adding a new (maven) dependency of `org.seleniumhq.selenium:selenium-devtools-vNN:4.36.0` where `NN` matches the major version of the browser you're using.
Build info: version: '4.36.0', revision: '6d115cfd87'
System info: os.name: 'Linux', os.arch: 'amd64', os.version: '6.17.0-1022-azure', java.version: '20.0.2'
Driver info: DevTools Connection <br/><br/>
